// Jest Snapshot v1, https://goo.gl/fbAQLP

exports[`differentiate baseline every derivative gives the same answer as the committed baseline 1`] = `
[
  "x                    -> 1 (0 caveat)",
  "x^2                  -> 2*x (0 caveat)",
  "x^3                  -> 3*x^2 (0 caveat)",
  "1/x                  -> -1/x^2 (0 caveat)",
  "sqrt(x)              -> 1/2/sqrt(x) (0 caveat)",
  "cbrt(x)              -> 1/3/cbrt(x)^2 (0 caveat)",
  "exp(x)               -> exp(x) (0 caveat)",
  "ln(x)                -> 1/x (0 caveat)",
  "log(x)               -> 0.434294481903/x (0 caveat)",
  "log2(x)              -> 1.44269504089/x (0 caveat)",
  "log10(x)             -> 0.434294481903/x (0 caveat)",
  "sin(x)               -> cos(x) (0 caveat)",
  "cos(x)               -> -sin(x) (0 caveat)",
  "tan(x)               -> 1/cos(x)^2 (0 caveat)",
  "asin(x)              -> 1/sqrt(-x^2 + 1) (0 caveat)",
  "acos(x)              -> -1/sqrt(-x^2 + 1) (0 caveat)",
  "atan(x)              -> 1/(x^2 + 1) (0 caveat)",
  "sinh(x)              -> cosh(x) (0 caveat)",
  "cosh(x)              -> sinh(x) (0 caveat)",
  "tanh(x)              -> 1/cosh(x)^2 (0 caveat)",
  "abs(x)               -> x/abs(x) (1 caveat)",
  "x*sin(x)             -> x*cos(x) + sin(x) (0 caveat)",
  "sin(x^2)             -> 2*x*cos(x^2) (0 caveat)",
  "exp(2*x)             -> 2*exp(2*x) (0 caveat)",
  "ln(x^2+1)            -> 2*x/(x^2 + 1) (0 caveat)",
  "x/(x+1)              -> 1/(x^2 + 2*x + 1) (0 caveat)",
  "(x+1)/(x-1)          -> -2/(x^2 - 2*x + 1) (0 caveat)",
  "x^2*exp(x)           -> x^2*exp(x) + 2*x*exp(x) (0 caveat)",
  "sin(x)*cos(x)        -> cos(x)^2 - sin(x)^2 (0 caveat)",
  "sqrt(x^2+1)          -> x/sqrt(x^2 + 1) (0 caveat)",
  "exp(sin(x))          -> cos(x)*exp(sin(x)) (0 caveat)",
  "1/(x^2+1)            -> -2*x/(x^4 + 2*x^2 + 1) (0 caveat)",
  "x^x                  -> ln(x)*x^x + x^x (0 caveat)",
  "2^x                  -> 0.69314718056*2^x (0 caveat)",
  "x^(1/2)              -> x^(-1/2)/2 (0 caveat)",
  "x^0                  -> 0 (0 caveat)",
  "5                    -> 0 (0 caveat)",
  "x + 1                -> 1 (0 caveat)",
  "-x                   -> -1 (0 caveat)",
  "-(x^2)               -> -2*x (0 caveat)",
  "x/0                  -> 0/0 (1 caveat)",
  "0/0                  -> 0/0 (1 caveat)",
  "(x+1)/0              -> 0/0 (1 caveat)",
  "1/0                  -> 0/0 (1 caveat)",
  "0/2                  -> 0 (0 caveat)",
  "x/2                  -> 1/2 (0 caveat)",
  "x/(1-1)              -> 0/0 (1 caveat)",
  "a*x + b              -> a (1 caveat)",
  "x*y                  -> y (1 caveat)",
]
`;

exports[`integrate baseline every integral gives the same answer as the committed baseline 1`] = `
[
  "x^2 [0, 3]                             -> 9 via exact (symbolic) (0 caveat)",
  "x^2 [0, 2]                             -> 2.666666667 via exact (symbolic) (0 caveat)",
  "x [0, 1]                               -> 0.5 via exact (symbolic) (0 caveat)",
  "1 [0, 5]                               -> 5 via exact (symbolic) (0 caveat)",
  "x^3 [-1, 1]                            -> 0 via exact (symbolic) (0 caveat)",
  "x^10 [0, 1]                            -> 0.09090909091 via exact (symbolic) (0 caveat)",
  "2*x + 3 [0, 4]                         -> 28 via exact (symbolic) (0 caveat)",
  "x^2 - x [0, 1]                         -> -0.1666666667 via exact (symbolic) (0 caveat)",
  "exp(x) [0, 1]                          -> 1.718281828 via exact (symbolic) (0 caveat)",
  "exp(x) [0, 10]                         -> 22025.46579 via exact (symbolic) (0 caveat)",
  "ln(x) [1, 2]                           -> 0.3862943611 via exact (symbolic) (0 caveat)",
  "ln(x) [1, 10]                          -> 14.02585093 via exact (symbolic) (0 caveat)",
  "sin(x) [0, 3.141592653589793]          -> 2 via exact (symbolic) (0 caveat)",
  "cos(x) [0, 1]                          -> 0.8414709848 via exact (symbolic) (0 caveat)",
  "sin(x) [0, 12.566370614359172]         -> 0 via exact (symbolic) (0 caveat)",
  "tan(x) [0, 1]                          -> 0.6156264704 via exact (symbolic) (0 caveat)",
  "log10(x) [1, 2]                        -> 0.1677655094 via exact (symbolic) (0 caveat)",
  "log2(x) [1, 4]                         -> 3.671914877 via exact (symbolic) (0 caveat)",
  "sqrt(x) [0, 4]                         -> 5.333333333 via exact (symbolic) (0 caveat)",
  "cbrt(x) [0, 8]                         -> 12 via exact (symbolic) (0 caveat)",
  "x*exp(x) [0, 1]                        -> 1 via exact (symbolic) (0 caveat)",
  "x*sin(x) [0, 1]                        -> 0.3011686789 via exact (symbolic) (0 caveat)",
  "x^2*exp(x) [0, 1]                      -> 0.7182818285 via exact (symbolic) (0 caveat)",
  "1/(x^2+1) [0, 1]                       -> 0.7853981634 via exact (symbolic) (0 caveat)",
  "1/(x^2+4) [0, 1]                       -> 0.2318238045 via exact (symbolic) (0 caveat)",
  "1/(x^2+x+1) [0, 1]                     -> 0.6045997881 via exact (symbolic) (0 caveat)",
  "x/(x^2+1) [0, 1]                       -> 0.3465735903 via exact (symbolic) (0 caveat)",
  "exp(2*x) [0, 1]                        -> 3.194528049 via exact (symbolic) (0 caveat)",
  "sin(3*x) [0, 1]                        -> 0.6633308322 via exact (symbolic) (0 caveat)",
  "1/(2*x+3) [0, 1]                       -> 0.2554128119 via adaptive Simpson (2 caveat)",
  "1/(4*x^2-1) [2, 3]                     -> 0.04358834679 via adaptive Simpson (2 caveat)",
  "1/(3*x^2+5*x+2) [0, 0.5]               -> 0.1541506798 via adaptive Simpson (2 caveat)",
  "x/(2*x+1) [0, 1]                       -> 0.2253469278 via adaptive Simpson (2 caveat)",
  "1/(9*x^2+1) [0, 1]                     -> 0.4163485908 via adaptive Simpson (2 caveat)",
  "5/(2*x^2+3*x+1) [2, 3]                 -> 0.2439508208 via adaptive Simpson (2 caveat)",
  "1/((x-1)^2) [2, 3]                     -> 0.5 via exact (symbolic) (0 caveat)",
  "1/(x^2-4) [0, 1]                       -> -0.2746530722 via exact (symbolic) (0 caveat)",
  "1/(3*x-6) [0, 1]                       -> -0.2310490602 via exact (symbolic) (0 caveat)",
  "1/(x-1) [2, 4]                         -> 1.098612289 via exact (symbolic) (0 caveat)",
  "tan(x) [0, 1.5]                        -> 2.648783654 via exact (symbolic) (0 caveat)",
  "1/((x-1)^2) [0, 2]                     -> NaN via does not exist on this interval (2 caveat)",
  "1/((x-2)^2) [0, 4]                     -> NaN via does not exist on this interval (2 caveat)",
  "1/(x-1) [0, 2]                         -> NaN via does not exist on this interval (2 caveat)",
  "tan(x) [0, 3]                          -> NaN via does not exist on this interval (2 caveat)",
  "1/(x^2-4) [0, 3]                       -> NaN via does not exist on this interval (2 caveat)",
  "1/(3*x-6) [0, 5]                       -> NaN via does not exist on this interval (2 caveat)",
  "1/(x-0.5) [0, 3]                       -> NaN via does not exist on this interval (1 caveat)",
  "1/(x-1.25) [0, 3]                      -> NaN via does not exist on this interval (1 caveat)",
  "1/x [-1, 1]                            -> NaN via does not exist on this interval (2 caveat)",
  "1/((x-1)^2) [0, 2.58]                  -> NaN via does not exist on this interval (2 caveat)",
  "(x^2-1)/(x-1) [0, 2]                   -> 4 via exact (symbolic) (0 caveat)",
  "(x^2-1)/(x+1) [-2, 0]                  -> -4 via exact (symbolic) (0 caveat)",
  "(x^2-4)/(x-2) [0, 3]                   -> 10.5 via exact (symbolic) (0 caveat)",
  "x/x [0, 2]                             -> 2 via exact (symbolic) (0 caveat)",
  "(x-2)/(x-2) [0, 4]                     -> 4 via exact (symbolic) (0 caveat)",
  "(x^2-1)/(x-1) [1, 3]                   -> 6 via exact (symbolic) (0 caveat)",
  "sqrt(x)^2 [-1, 1]                      -> NaN via does not exist on this interval (2 caveat)",
  "sqrt(x)*sqrt(x) [-1, 1]                -> NaN via does not exist on this interval (2 caveat)",
  "ln(x) [-1, 2]                          -> NaN via does not exist on this interval (1 caveat)",
  "sqrt(x) [-1, 1]                        -> NaN via does not exist on this interval (1 caveat)",
  "sin(x)/x [1, 5]                        -> 0.6038481746 via adaptive Simpson (2 caveat)",
  "x^x [0, 1]                             -> 0.783430511 via adaptive Simpson (2 caveat)",
  "exp(-x^2) [0, 1]                       -> 0.7468241328 via adaptive Simpson (2 caveat)",
  "sin(x)/x [-1, 1]                       -> NaN via does not exist on this interval (1 caveat)",
  "exp(sin(x)) [0, 1]                     -> 1.631869608 via adaptive Simpson (2 caveat)",
  "1/(x^5+x+1) [0, 1]                     -> 0.6538920078 via adaptive Simpson (2 caveat)",
  "x^2 [2, 2]                             -> 0 via exact (symbolic) (0 caveat)",
  "x^2 [2, 0]                             -> -2.666666667 via exact (symbolic) (0 caveat)",
  "1/(x^2+1) [1, 0]                       -> -0.7853981634 via exact (symbolic) (0 caveat)",
  "x [-1, -1]                             -> 0 via exact (symbolic) (0 caveat)",
  "x^2 [0, 1000]                          -> 333333333.3 via exact (symbolic) (0 caveat)",
  "exp(-x) [0, 100]                       -> 1 via exact (symbolic) (0 caveat)",
  "x^2 [0, 0.000001]                      -> 3.333333333e-19 via exact (symbolic) (0 caveat)",
]
`;

exports[`solveEquation baseline every equation form gives the same answer as the committed baseline 1`] = `
[
  "2*x + 4 = 0                            -> n=1 [-2] via exact (linear) (0 caveat)",
  "x = 5                                  -> n=1 [5] via exact (linear) (0 caveat)",
  "-x = 3                                 -> n=1 [-3] via exact (linear) (0 caveat)",
  "x/2 = 4                                -> n=1 [8] via exact (linear) (0 caveat)",
  "3*x = 0                                -> n=1 [0] via exact (linear) (0 caveat)",
  "x + 1 = x + 1                          -> n=0 [] via identity (1 caveat)",
  "5*x - 2 = 3*x + 8                      -> n=1 [5] via exact (linear) (0 caveat)",
  "0.5*x = 2                              -> n=1 [4] via exact (linear) (0 caveat)",
  "x/3 + 1/4 = 2                          -> n=1 [5.25] via exact (linear) (0 caveat)",
  "x^2 - 4 = 0                            -> n=2 [2, -2] via exact (quadratic) (0 caveat)",
  "x^2 + 1 = 0                            -> n=2 [0 + 1i, 0 − 1i] via exact (quadratic) (1 caveat)",
  "x^2 - 2*x + 1 = 0                      -> n=1 [1] via exact (quadratic) (0 caveat)",
  "x^2 + x - 6 = 0                        -> n=2 [2, -3] via exact (quadratic) (0 caveat)",
  "2*x^2 - 8 = 0                          -> n=2 [2, -2] via exact (quadratic) (0 caveat)",
  "x^2 = 2                                -> n=2 [1.41421356237, -1.41421356237] via exact (quadratic) (0 caveat)",
  "x^2 + 2*x + 5 = 0                      -> n=2 [-1 + 2i, -1 − 2i] via exact (quadratic) (1 caveat)",
  "-x^2 + 4 = 0                           -> n=2 [2, -2] via exact (quadratic) (0 caveat)",
  "0.0000000001*x^2 - 0.0001 = 0          -> n=2 [1000, -1000] via exact (quadratic) (0 caveat)",
  "0.0000001*x^2 - 0.0000001 = 0          -> n=2 [1, -1] via exact (quadratic) (0 caveat)",
  "0.0000000000001*x^2 - 1 = 0            -> n=2 [3162277.66017, -3162277.66017] via exact (quadratic) (0 caveat)",
  "0.0000000000001*x - 1 = 0              -> n=1 [10000000000000] via exact (linear) (0 caveat)",
  "0.000000000001*x^2 - 1 = 0             -> n=2 [1000000, -1000000] via exact (quadratic) (0 caveat)",
  "1e-8*x^2 - 1 = 0                       -> n=2 [10000, -10000] via exact (quadratic) (0 caveat)",
  "1e-20*x^2 - 1 = 0                      -> n=2 [10000000000, -10000000000] via exact (quadratic) (0 caveat)",
  "x^2 - 1e-20 = 0                        -> n=2 [1e-10, -1e-10] via exact (quadratic) (0 caveat)",
  "1e10*x^2 - 1 = 0                       -> n=2 [0.00001, -0.00001] via exact (quadratic) (0 caveat)",
  "x^3 - 1 = 0                            -> n=3 [1, -0.5 − 0.866025404i, -0.5 + 0.866025404i] via complete (all roots) (1 caveat)",
  "x^3 - 6*x^2 + 11*x - 6 = 0             -> n=3 [3, 2, 1] via complete (all roots) (1 caveat)",
  "x^4 - 1 = 0                            -> n=4 [1, 0 − 1i, 0 + 1i, -1] via complete (all roots) (1 caveat)",
  "x^3 + x = 0                            -> n=3 [0 − 1i, 0, 0 + 1i] via complete (all roots) (1 caveat)",
  "x^4 + 1 = 0                            -> n=4 [0.707106781 − 0.707106781i, 0.707106781 + 0.707106781i, -0.707106781 − 0.707106781i, -0.707106781 + 0.707106781i] via complete (all roots) (1 caveat)",
  "x^5 - x = 0                            -> n=5 [1, 0 − 1i, 0, 0 + 1i, -1] via complete (all roots) (1 caveat)",
  "x^3 - 3*x + 2 = 0                      -> n=2 [1 (×2), -2] via complete (all roots) (1 caveat)",
  "(x^2-1)/(x-1) = 0                      -> n=1 [-1] via exact (symbolic rearrangement) (0 caveat)",
  "(x^2-1)/(x-1) = 2                      -> n=0 [] via numeric (transcendental) (1 caveat)",
  "(x-2)*(x-3)/(x-2) = 0                  -> n=1 [3] via exact (symbolic rearrangement) (0 caveat)",
  "1/(x-2) = 0                            -> n=0 [] via numeric (transcendental) (1 caveat)",
  "1/(x-2.25) = 0                         -> n=0 [] via numeric (transcendental) (1 caveat)",
  "x/(x-2.25) = 1                         -> n=0 [] via numeric (transcendental) (1 caveat)",
  "(x+1)/(x-2.25) = 1                     -> n=0 [] via numeric (transcendental) (1 caveat)",
  "1/(x-2.25)^3 = 0                       -> n=0 [] via numeric (transcendental) (1 caveat)",
  "1/x = 2                                -> n=1 [1/2] via exact (symbolic rearrangement) (1 caveat)",
  "(x+1)/(x-1) = 3                        -> n=1 [2] via exact (symbolic rearrangement) (1 caveat)",
  "2/(x+1) = 1/(x-1)                      -> n=1 [3] via exact (symbolic rearrangement) (1 caveat)",
  "(x-1)/(x-1) = 1                        -> n=0 [] via identity (1 caveat)",
  "x/x = 1                                -> n=0 [] via identity (1 caveat)",
  "sin(x)/sin(x) = 1                      -> n=0 [] via identity (1 caveat)",
  "x + 1 = x + 2                          -> n=0 [] via no-solution (1 caveat)",
  "0*x = 5                                -> n=0 [] via no-solution (1 caveat)",
  "abs(x) = -1                            -> n=0 [] via numeric (transcendental) (1 caveat)",
  "exp(x) = 0                             -> n=0 [] via no reliable root found (1 caveat)",
  "x^2 = -1                               -> n=2 [0 + 1i, 0 − 1i] via exact (quadratic) (1 caveat)",
  "sin(x) = 0                             -> n=637 [999.026463842, 995.884871188, 992.743278534, 989.601685881, 986.460093227, 983.318500574, …+631 more] via numeric (transcendental) (1 caveat)",
  "cos(x) = 1                             -> n=1 [0] via numeric (transcendental) (1 caveat)",
  "tan(x) = 2                             -> n=588 [996.992019906, 993.850427252, 990.708834599, 987.567241945, 984.425649291, 981.284056638, …+582 more] via numeric (transcendental) (1 caveat)",
  "exp(x) = 2                             -> n=1 [0.693147180559] via numeric (transcendental) (1 caveat)",
  "ln(x) = 1                              -> n=1 [2.71828182846] via numeric (transcendental) (1 caveat)",
  "sin(x) = 0.5                           -> n=637 [999.550062617, 995.361272412, 993.26687731, 989.078087105, 986.983692003, 982.794901798, …+631 more] via numeric (transcendental) (1 caveat)",
  "x*exp(x) = 1                           -> n=1 [0.56714329041] via numeric (transcendental) (1 caveat)",
  "x^2 = exp(x)                           -> n=1 [-0.703467422499] via numeric (transcendental) (1 caveat)",
  "sqrt(x) = 3                            -> n=1 [9] via numeric (transcendental) (1 caveat)",
  "sqrt(x) = -1                           -> n=0 [] via numeric (transcendental) (1 caveat)",
  "sqrt(x+1) = x - 1                      -> n=1 [3] via numeric (transcendental) (1 caveat)",
  "ln(x) = -1                             -> n=0 [] via numeric (transcendental) (1 caveat)",
  "exp(-x) = x                            -> n=1 [0.56714329041] via numeric (transcendental) (1 caveat)",
  "sin(x) = x/2                           -> n=3 [1.89549426703, 0, -1.89549426703] via numeric (transcendental) (1 caveat)",
  "cos(x) = x                             -> n=1 [0.739085133216] via numeric (transcendental) (1 caveat)",
  "x^3 = 2^x                              -> n=2 [9.93953514143, 1.3734671197] via numeric (transcendental) (1 caveat)",
  "x/0 = 1                                -> n=0 [] via numeric (transcendental) (1 caveat)",
  "1/0 = x                                -> n=1 [Infinity] via exact (linear) (0 caveat)",
  "x/(1-1) = 2                            -> n=0 [] via numeric (transcendental) (1 caveat)",
  "x + y = 1                              -> n=0 [] via unsolved (1 caveat)",
  "a*x + b = 0                            -> n=0 [] via unsolved (1 caveat)",
  "  x^2-4=0                              -> n=2 [2, -2] via exact (quadratic) (0 caveat)",
  "X^2 - 4 = 0                            -> n=2 [2, -2] via exact (quadratic) (0 caveat)",
  "x^2-4 = 0                              -> n=2 [2, -2] via exact (quadratic) (0 caveat)",
]
`;
